i  emulators: Starting emulators: auth, firestore
i  emulators: Detected demo project ID "demo-classcare", emulated services will use a demo configuration and attempts to access non-emulated services for this project will fail.
i  firestore: Firestore Emulator logging to firestore-debug.log
+  firestore: Firestore Emulator was started in standard edition.
+  firestore: Firestore Emulator UI websocket is running on 9150.
i  Running script: node tests/browser.cjs
AUTH CHECK teacher { exists: true, role: 'teacher', profileError: undefined }
PASS actual daily scanner saves attendance and explicit three-step responses
PASS duplicate scans do not create another daily record
PASS failed time-out shows failure without changing records; retry writes time-out
PASS skip preserves attendance without inventing a response
PASS actual MediaPipe model loads in worker and processes fake-camera frames
PAGE CONSOLE teacher INFO: Created TensorFlow Lite XNNPACK delegate for CPU.
PAGE CONSOLE teacher Failed to load resource: net::ERR_INTERNET_DISCONNECTED
PAGE CONSOLE teacher Failed to load resource: net::ERR_INTERNET_DISCONNECTED
PAGE CONSOLE teacher Failed to load resource: net::ERR_INTERNET_DISCONNECTED
PAGE CONSOLE teacher Failed to load resource: net::ERR_INTERNET_DISCONNECTED
PAGE CONSOLE teacher Failed to load resource: net::ERR_INTERNET_DISCONNECTED
PASS deep kiosk saves five answers independently of attendance and resets
PASS published assessment, roster score entry, correlated care alert and acknowledgment
AUTH CHECK student { exists: true, role: 'student', profileError: undefined }
PASS student has schedules without scores; corrected score resolves care alert
PASS concurrent stale edits are rejected and preserved for review
AUTH CHECK admin { exists: true, role: 'admin', profileError: undefined }
PASS mobile layouts and no page JavaScript errors
+  Script exited successfully (code 0)
i  emulators: Shutting down emulators.
i  firestore: Stopping Firestore Emulator
!  Firestore Emulator has exited upon receiving signal: SIGINT
i  auth: Stopping Authentication Emulator
i  hub: Stopping emulator hub
i  logging: Stopping Logging Emulator
